    Checking literature-library v0.8.4 (C:\Users\antho\OneDrive - The Pennsylvania State University\Desktop\Code Testbench\literature-library\src-tauri)
warning: unused import: `self`
  --> src\lib.rs:17:23
   |
17 | use futures::stream::{self, StreamExt};
   |                       ^^^^
   |
   = note: `#[warn(unused_imports)]` (part of `#[warn(unused)]`) on by default

error[E0063]: missing field `ref_dois` in initializer of `Metadata`
   --> src\lib.rs:894:5
    |
894 |     Metadata {
    |     ^^^^^^^^ missing `ref_dois`

error[E0061]: this function takes 2 arguments but 1 argument was supplied
    --> src\lib.rs:1028:36
     |
1028 |         if let Ok(crossref_meta) = fetch_doi_metadata(auto.doi.clone()) {
     |                                    ^^^^^^^^^^^^^^^^^^ ---------------- argument #1 of type `tauri::State<'_, std::sync::Mutex<AppState>>` is missing
     |
note: function defined here
    --> src\lib.rs:1594:10
     |
1594 | async fn fetch_doi_metadata(state: tauri::State<'_, Mutex<AppState>>, doi: String) -> Result<Metadata, String> {
     |          ^^^^^^^^^^^^^^^^^^ ----------------------------------------
help: provide the argument
     |
1028 |         if let Ok(crossref_meta) = fetch_doi_metadata(/* tauri::State<'_, std::sync::Mutex<AppState>> */, auto.doi.clone()) {
     |                                                       +++++++++++++++++++++++++++++++++++++++++++++++++++

error[E0308]: mismatched types
    --> src\lib.rs:1028:16
     |
1028 |         if let Ok(crossref_meta) = fetch_doi_metadata(auto.doi.clone()) {
     |                ^^^^^^^^^^^^^^^^^   ------------------------------------ this expression has type `impl futures::Future<Output = Result<Metadata, std::string::String>>`
     |                |
     |                expected future, found `Result<_, _>`
     |
     = note: expected opaque type `impl futures::Future<Output = Result<Metadata, std::string::String>>`
                       found enum `Result<_, _>`

warning: unused import: `StreamExt`
  --> src\lib.rs:17:29
   |
17 | use futures::stream::{self, StreamExt};
   |                             ^^^^^^^^^

Some errors have detailed explanations: E0061, E0063, E0308.
For more information about an error, try `rustc --explain E0061`.
warning: `literature-library` (lib) generated 2 warnings
error: could not compile `literature-library` (lib) due to 3 previous errors; 2 warnings emitted
